

================================================================
== Vivado HLS Report for 'my_prj'
================================================================
* Date:           Wed Apr 28 21:30:48 2021

* Version:        2019.1 (Build 2552052 on Fri May 24 15:28:33 MDT 2019)
* Project:        my_prj_prj
* Solution:       solution1
* Product family: virtex7
* Target device:  xc7vx690t-ffg1927-2


================================================================
== Performance Estimates
================================================================
+ Timing (ns): 
    * Summary: 
    +--------+-------+----------+------------+
    |  Clock | Target| Estimated| Uncertainty|
    +--------+-------+----------+------------+
    |ap_clk  |   8.33|     7.229|        1.04|
    +--------+-------+----------+------------+

+ Latency (clock cycles): 
    * Summary: 
    +-----+-----+-----+-----+----------+
    |  Latency  |  Interval | Pipeline |
    | min | max | min | max |   Type   |
    +-----+-----+-----+-----+----------+
    |   30|   30|   25|   25| function |
    +-----+-----+-----+-----+----------+

    + Detail: 
        * Instance: 
        N/A

        * Loop: 
        N/A

============================================================
+ Verbose Summary: Synthesis Manager
============================================================
InlineROM: 1
ExposeGlobal: 0
============================================================
+ Verbose Summary: CDFG Model
============================================================
IsTopModel: 1
ResetActiveHigh: 1
IsCombinational: 0
IsDatapathOnly: 0
HasWiredReturn: 1
HasMFsm: 2
HasVarLatency: 0
IsPipeline: 1
IsRtlPipelined: 1
IsInstanceOverlapped: 0
IsDontTouch: 0
HasImplIP: 0
IsGatedGlobalClock: 0

+ Individual pipeline summary: 
  * Pipeline-0: initiation interval (II) = 25, depth = 31


============================================================
+ Verbose Summary: Schedule
============================================================
* Number of FSM states : 31
* Pipeline : 1
  Pipeline-0 : II = 25, D = 31, States = { 1 2 3 4 5 6 7 8 9 10 11 12 13 14 15 16 17 18 19 20 21 22 23 24 25 26 27 28 29 30 31 }
* Dataflow Pipeline: 0

* FSM state transitions: 
1 --> 2 
2 --> 3 
3 --> 4 
4 --> 5 
5 --> 6 
6 --> 7 
7 --> 8 
8 --> 9 
9 --> 10 
10 --> 11 
11 --> 12 
12 --> 13 
13 --> 14 
14 --> 15 
15 --> 16 
16 --> 17 
17 --> 18 
18 --> 19 
19 --> 20 
20 --> 21 
21 --> 22 
22 --> 23 
23 --> 24 
24 --> 25 
25 --> 26 
26 --> 27 
27 --> 28 
28 --> 29 
29 --> 30 
30 --> 31 
31 --> 

* FSM state operations: 

State 1 <SV = 0> <Delay = 6.37>
ST_1 : Operation 32 [1/1] (0.00ns)   --->   "%x_0_V_read = call i18 @_ssdm_op_Read.ap_auto.i18P(i18* %x_0_V)" [firmware/my_prj.cpp:9]   --->   Operation 32 'read' 'x_0_V_read' <Predicate = true> <Delay = 0.00>
ST_1 : Operation 33 [1/1] (0.00ns)   --->   "%x_1_V_read = call i18 @_ssdm_op_Read.ap_auto.i18P(i18* %x_1_V)" [firmware/my_prj.cpp:9]   --->   Operation 33 'read' 'x_1_V_read' <Predicate = true> <Delay = 0.00>
ST_1 : Operation 34 [1/1] (0.00ns)   --->   "%x_2_V_read = call i18 @_ssdm_op_Read.ap_auto.i18P(i18* %x_2_V)" [firmware/my_prj.cpp:9]   --->   Operation 34 'read' 'x_2_V_read' <Predicate = true> <Delay = 0.00>
ST_1 : Operation 35 [1/1] (0.00ns)   --->   "%x_3_V_read = call i18 @_ssdm_op_Read.ap_auto.i18P(i18* %x_3_V)" [firmware/my_prj.cpp:9]   --->   Operation 35 'read' 'x_3_V_read' <Predicate = true> <Delay = 0.00>
ST_1 : Operation 36 [1/1] (0.00ns)   --->   "%x_4_V_read = call i18 @_ssdm_op_Read.ap_auto.i18P(i18* %x_4_V)" [firmware/my_prj.cpp:9]   --->   Operation 36 'read' 'x_4_V_read' <Predicate = true> <Delay = 0.00>
ST_1 : Operation 37 [31/31] (6.37ns)   --->   "%call_ret = call fastcc i17 @decision_function.1(i18 %x_0_V_read, i18 %x_1_V_read, i18 %x_2_V_read, i18 %x_3_V_read, i18 %x_4_V_read, [50 x i18]* %tree_scores_V)" [firmware/my_prj.cpp:9]   --->   Operation 37 'call' 'call_ret' <Predicate = true> <Delay = 6.37> <CoreType = "Generic">   --->   Core 0 '' <Latency = 0> <II = 1> <Delay = 1.00> <Generic> <Opcode : >

State 2 <SV = 1> <Delay = 7.22>
ST_2 : Operation 38 [30/31] (7.22ns)   --->   "%call_ret = call fastcc i17 @decision_function.1(i18 %x_0_V_read, i18 %x_1_V_read, i18 %x_2_V_read, i18 %x_3_V_read, i18 %x_4_V_read, [50 x i18]* %tree_scores_V)" [firmware/my_prj.cpp:9]   --->   Operation 38 'call' 'call_ret' <Predicate = true> <Delay = 7.22> <CoreType = "Generic">   --->   Core 0 '' <Latency = 0> <II = 1> <Delay = 1.00> <Generic> <Opcode : >

State 3 <SV = 2> <Delay = 7.22>
ST_3 : Operation 39 [29/31] (7.22ns)   --->   "%call_ret = call fastcc i17 @decision_function.1(i18 %x_0_V_read, i18 %x_1_V_read, i18 %x_2_V_read, i18 %x_3_V_read, i18 %x_4_V_read, [50 x i18]* %tree_scores_V)" [firmware/my_prj.cpp:9]   --->   Operation 39 'call' 'call_ret' <Predicate = true> <Delay = 7.22> <CoreType = "Generic">   --->   Core 0 '' <Latency = 0> <II = 1> <Delay = 1.00> <Generic> <Opcode : >

State 4 <SV = 3> <Delay = 7.22>
ST_4 : Operation 40 [28/31] (7.22ns)   --->   "%call_ret = call fastcc i17 @decision_function.1(i18 %x_0_V_read, i18 %x_1_V_read, i18 %x_2_V_read, i18 %x_3_V_read, i18 %x_4_V_read, [50 x i18]* %tree_scores_V)" [firmware/my_prj.cpp:9]   --->   Operation 40 'call' 'call_ret' <Predicate = true> <Delay = 7.22> <CoreType = "Generic">   --->   Core 0 '' <Latency = 0> <II = 1> <Delay = 1.00> <Generic> <Opcode : >

State 5 <SV = 4> <Delay = 7.22>
ST_5 : Operation 41 [27/31] (7.22ns)   --->   "%call_ret = call fastcc i17 @decision_function.1(i18 %x_0_V_read, i18 %x_1_V_read, i18 %x_2_V_read, i18 %x_3_V_read, i18 %x_4_V_read, [50 x i18]* %tree_scores_V)" [firmware/my_prj.cpp:9]   --->   Operation 41 'call' 'call_ret' <Predicate = true> <Delay = 7.22> <CoreType = "Generic">   --->   Core 0 '' <Latency = 0> <II = 1> <Delay = 1.00> <Generic> <Opcode : >

State 6 <SV = 5> <Delay = 7.22>
ST_6 : Operation 42 [26/31] (7.22ns)   --->   "%call_ret = call fastcc i17 @decision_function.1(i18 %x_0_V_read, i18 %x_1_V_read, i18 %x_2_V_read, i18 %x_3_V_read, i18 %x_4_V_read, [50 x i18]* %tree_scores_V)" [firmware/my_prj.cpp:9]   --->   Operation 42 'call' 'call_ret' <Predicate = true> <Delay = 7.22> <CoreType = "Generic">   --->   Core 0 '' <Latency = 0> <II = 1> <Delay = 1.00> <Generic> <Opcode : >

State 7 <SV = 6> <Delay = 7.22>
ST_7 : Operation 43 [25/31] (7.22ns)   --->   "%call_ret = call fastcc i17 @decision_function.1(i18 %x_0_V_read, i18 %x_1_V_read, i18 %x_2_V_read, i18 %x_3_V_read, i18 %x_4_V_read, [50 x i18]* %tree_scores_V)" [firmware/my_prj.cpp:9]   --->   Operation 43 'call' 'call_ret' <Predicate = true> <Delay = 7.22> <CoreType = "Generic">   --->   Core 0 '' <Latency = 0> <II = 1> <Delay = 1.00> <Generic> <Opcode : >

State 8 <SV = 7> <Delay = 7.22>
ST_8 : Operation 44 [24/31] (7.22ns)   --->   "%call_ret = call fastcc i17 @decision_function.1(i18 %x_0_V_read, i18 %x_1_V_read, i18 %x_2_V_read, i18 %x_3_V_read, i18 %x_4_V_read, [50 x i18]* %tree_scores_V)" [firmware/my_prj.cpp:9]   --->   Operation 44 'call' 'call_ret' <Predicate = true> <Delay = 7.22> <CoreType = "Generic">   --->   Core 0 '' <Latency = 0> <II = 1> <Delay = 1.00> <Generic> <Opcode : >

State 9 <SV = 8> <Delay = 7.22>
ST_9 : Operation 45 [23/31] (7.22ns)   --->   "%call_ret = call fastcc i17 @decision_function.1(i18 %x_0_V_read, i18 %x_1_V_read, i18 %x_2_V_read, i18 %x_3_V_read, i18 %x_4_V_read, [50 x i18]* %tree_scores_V)" [firmware/my_prj.cpp:9]   --->   Operation 45 'call' 'call_ret' <Predicate = true> <Delay = 7.22> <CoreType = "Generic">   --->   Core 0 '' <Latency = 0> <II = 1> <Delay = 1.00> <Generic> <Opcode : >

State 10 <SV = 9> <Delay = 7.22>
ST_10 : Operation 46 [22/31] (7.22ns)   --->   "%call_ret = call fastcc i17 @decision_function.1(i18 %x_0_V_read, i18 %x_1_V_read, i18 %x_2_V_read, i18 %x_3_V_read, i18 %x_4_V_read, [50 x i18]* %tree_scores_V)" [firmware/my_prj.cpp:9]   --->   Operation 46 'call' 'call_ret' <Predicate = true> <Delay = 7.22> <CoreType = "Generic">   --->   Core 0 '' <Latency = 0> <II = 1> <Delay = 1.00> <Generic> <Opcode : >

State 11 <SV = 10> <Delay = 7.22>
ST_11 : Operation 47 [21/31] (7.22ns)   --->   "%call_ret = call fastcc i17 @decision_function.1(i18 %x_0_V_read, i18 %x_1_V_read, i18 %x_2_V_read, i18 %x_3_V_read, i18 %x_4_V_read, [50 x i18]* %tree_scores_V)" [firmware/my_prj.cpp:9]   --->   Operation 47 'call' 'call_ret' <Predicate = true> <Delay = 7.22> <CoreType = "Generic">   --->   Core 0 '' <Latency = 0> <II = 1> <Delay = 1.00> <Generic> <Opcode : >

State 12 <SV = 11> <Delay = 7.22>
ST_12 : Operation 48 [20/31] (7.22ns)   --->   "%call_ret = call fastcc i17 @decision_function.1(i18 %x_0_V_read, i18 %x_1_V_read, i18 %x_2_V_read, i18 %x_3_V_read, i18 %x_4_V_read, [50 x i18]* %tree_scores_V)" [firmware/my_prj.cpp:9]   --->   Operation 48 'call' 'call_ret' <Predicate = true> <Delay = 7.22> <CoreType = "Generic">   --->   Core 0 '' <Latency = 0> <II = 1> <Delay = 1.00> <Generic> <Opcode : >

State 13 <SV = 12> <Delay = 7.22>
ST_13 : Operation 49 [19/31] (7.22ns)   --->   "%call_ret = call fastcc i17 @decision_function.1(i18 %x_0_V_read, i18 %x_1_V_read, i18 %x_2_V_read, i18 %x_3_V_read, i18 %x_4_V_read, [50 x i18]* %tree_scores_V)" [firmware/my_prj.cpp:9]   --->   Operation 49 'call' 'call_ret' <Predicate = true> <Delay = 7.22> <CoreType = "Generic">   --->   Core 0 '' <Latency = 0> <II = 1> <Delay = 1.00> <Generic> <Opcode : >

State 14 <SV = 13> <Delay = 7.22>
ST_14 : Operation 50 [18/31] (7.22ns)   --->   "%call_ret = call fastcc i17 @decision_function.1(i18 %x_0_V_read, i18 %x_1_V_read, i18 %x_2_V_read, i18 %x_3_V_read, i18 %x_4_V_read, [50 x i18]* %tree_scores_V)" [firmware/my_prj.cpp:9]   --->   Operation 50 'call' 'call_ret' <Predicate = true> <Delay = 7.22> <CoreType = "Generic">   --->   Core 0 '' <Latency = 0> <II = 1> <Delay = 1.00> <Generic> <Opcode : >

State 15 <SV = 14> <Delay = 7.22>
ST_15 : Operation 51 [17/31] (7.22ns)   --->   "%call_ret = call fastcc i17 @decision_function.1(i18 %x_0_V_read, i18 %x_1_V_read, i18 %x_2_V_read, i18 %x_3_V_read, i18 %x_4_V_read, [50 x i18]* %tree_scores_V)" [firmware/my_prj.cpp:9]   --->   Operation 51 'call' 'call_ret' <Predicate = true> <Delay = 7.22> <CoreType = "Generic">   --->   Core 0 '' <Latency = 0> <II = 1> <Delay = 1.00> <Generic> <Opcode : >

State 16 <SV = 15> <Delay = 7.22>
ST_16 : Operation 52 [16/31] (7.22ns)   --->   "%call_ret = call fastcc i17 @decision_function.1(i18 %x_0_V_read, i18 %x_1_V_read, i18 %x_2_V_read, i18 %x_3_V_read, i18 %x_4_V_read, [50 x i18]* %tree_scores_V)" [firmware/my_prj.cpp:9]   --->   Operation 52 'call' 'call_ret' <Predicate = true> <Delay = 7.22> <CoreType = "Generic">   --->   Core 0 '' <Latency = 0> <II = 1> <Delay = 1.00> <Generic> <Opcode : >

State 17 <SV = 16> <Delay = 7.22>
ST_17 : Operation 53 [15/31] (7.22ns)   --->   "%call_ret = call fastcc i17 @decision_function.1(i18 %x_0_V_read, i18 %x_1_V_read, i18 %x_2_V_read, i18 %x_3_V_read, i18 %x_4_V_read, [50 x i18]* %tree_scores_V)" [firmware/my_prj.cpp:9]   --->   Operation 53 'call' 'call_ret' <Predicate = true> <Delay = 7.22> <CoreType = "Generic">   --->   Core 0 '' <Latency = 0> <II = 1> <Delay = 1.00> <Generic> <Opcode : >

State 18 <SV = 17> <Delay = 7.22>
ST_18 : Operation 54 [14/31] (7.22ns)   --->   "%call_ret = call fastcc i17 @decision_function.1(i18 %x_0_V_read, i18 %x_1_V_read, i18 %x_2_V_read, i18 %x_3_V_read, i18 %x_4_V_read, [50 x i18]* %tree_scores_V)" [firmware/my_prj.cpp:9]   --->   Operation 54 'call' 'call_ret' <Predicate = true> <Delay = 7.22> <CoreType = "Generic">   --->   Core 0 '' <Latency = 0> <II = 1> <Delay = 1.00> <Generic> <Opcode : >

State 19 <SV = 18> <Delay = 7.22>
ST_19 : Operation 55 [13/31] (7.22ns)   --->   "%call_ret = call fastcc i17 @decision_function.1(i18 %x_0_V_read, i18 %x_1_V_read, i18 %x_2_V_read, i18 %x_3_V_read, i18 %x_4_V_read, [50 x i18]* %tree_scores_V)" [firmware/my_prj.cpp:9]   --->   Operation 55 'call' 'call_ret' <Predicate = true> <Delay = 7.22> <CoreType = "Generic">   --->   Core 0 '' <Latency = 0> <II = 1> <Delay = 1.00> <Generic> <Opcode : >

State 20 <SV = 19> <Delay = 7.22>
ST_20 : Operation 56 [12/31] (7.22ns)   --->   "%call_ret = call fastcc i17 @decision_function.1(i18 %x_0_V_read, i18 %x_1_V_read, i18 %x_2_V_read, i18 %x_3_V_read, i18 %x_4_V_read, [50 x i18]* %tree_scores_V)" [firmware/my_prj.cpp:9]   --->   Operation 56 'call' 'call_ret' <Predicate = true> <Delay = 7.22> <CoreType = "Generic">   --->   Core 0 '' <Latency = 0> <II = 1> <Delay = 1.00> <Generic> <Opcode : >

State 21 <SV = 20> <Delay = 7.22>
ST_21 : Operation 57 [11/31] (7.22ns)   --->   "%call_ret = call fastcc i17 @decision_function.1(i18 %x_0_V_read, i18 %x_1_V_read, i18 %x_2_V_read, i18 %x_3_V_read, i18 %x_4_V_read, [50 x i18]* %tree_scores_V)" [firmware/my_prj.cpp:9]   --->   Operation 57 'call' 'call_ret' <Predicate = true> <Delay = 7.22> <CoreType = "Generic">   --->   Core 0 '' <Latency = 0> <II = 1> <Delay = 1.00> <Generic> <Opcode : >

State 22 <SV = 21> <Delay = 7.22>
ST_22 : Operation 58 [10/31] (7.22ns)   --->   "%call_ret = call fastcc i17 @decision_function.1(i18 %x_0_V_read, i18 %x_1_V_read, i18 %x_2_V_read, i18 %x_3_V_read, i18 %x_4_V_read, [50 x i18]* %tree_scores_V)" [firmware/my_prj.cpp:9]   --->   Operation 58 'call' 'call_ret' <Predicate = true> <Delay = 7.22> <CoreType = "Generic">   --->   Core 0 '' <Latency = 0> <II = 1> <Delay = 1.00> <Generic> <Opcode : >

State 23 <SV = 22> <Delay = 7.22>
ST_23 : Operation 59 [9/31] (7.22ns)   --->   "%call_ret = call fastcc i17 @decision_function.1(i18 %x_0_V_read, i18 %x_1_V_read, i18 %x_2_V_read, i18 %x_3_V_read, i18 %x_4_V_read, [50 x i18]* %tree_scores_V)" [firmware/my_prj.cpp:9]   --->   Operation 59 'call' 'call_ret' <Predicate = true> <Delay = 7.22> <CoreType = "Generic">   --->   Core 0 '' <Latency = 0> <II = 1> <Delay = 1.00> <Generic> <Opcode : >

State 24 <SV = 23> <Delay = 7.22>
ST_24 : Operation 60 [8/31] (7.22ns)   --->   "%call_ret = call fastcc i17 @decision_function.1(i18 %x_0_V_read, i18 %x_1_V_read, i18 %x_2_V_read, i18 %x_3_V_read, i18 %x_4_V_read, [50 x i18]* %tree_scores_V)" [firmware/my_prj.cpp:9]   --->   Operation 60 'call' 'call_ret' <Predicate = true> <Delay = 7.22> <CoreType = "Generic">   --->   Core 0 '' <Latency = 0> <II = 1> <Delay = 1.00> <Generic> <Opcode : >

State 25 <SV = 24> <Delay = 7.22>
ST_25 : Operation 61 [7/31] (7.22ns)   --->   "%call_ret = call fastcc i17 @decision_function.1(i18 %x_0_V_read, i18 %x_1_V_read, i18 %x_2_V_read, i18 %x_3_V_read, i18 %x_4_V_read, [50 x i18]* %tree_scores_V)" [firmware/my_prj.cpp:9]   --->   Operation 61 'call' 'call_ret' <Predicate = true> <Delay = 7.22> <CoreType = "Generic">   --->   Core 0 '' <Latency = 0> <II = 1> <Delay = 1.00> <Generic> <Opcode : >

State 26 <SV = 25> <Delay = 7.22>
ST_26 : Operation 62 [6/31] (7.22ns)   --->   "%call_ret = call fastcc i17 @decision_function.1(i18 %x_0_V_read, i18 %x_1_V_read, i18 %x_2_V_read, i18 %x_3_V_read, i18 %x_4_V_read, [50 x i18]* %tree_scores_V)" [firmware/my_prj.cpp:9]   --->   Operation 62 'call' 'call_ret' <Predicate = true> <Delay = 7.22> <CoreType = "Generic">   --->   Core 0 '' <Latency = 0> <II = 1> <Delay = 1.00> <Generic> <Opcode : >

State 27 <SV = 26> <Delay = 7.22>
ST_27 : Operation 63 [5/31] (7.22ns)   --->   "%call_ret = call fastcc i17 @decision_function.1(i18 %x_0_V_read, i18 %x_1_V_read, i18 %x_2_V_read, i18 %x_3_V_read, i18 %x_4_V_read, [50 x i18]* %tree_scores_V)" [firmware/my_prj.cpp:9]   --->   Operation 63 'call' 'call_ret' <Predicate = true> <Delay = 7.22> <CoreType = "Generic">   --->   Core 0 '' <Latency = 0> <II = 1> <Delay = 1.00> <Generic> <Opcode : >

State 28 <SV = 27> <Delay = 7.22>
ST_28 : Operation 64 [4/31] (7.22ns)   --->   "%call_ret = call fastcc i17 @decision_function.1(i18 %x_0_V_read, i18 %x_1_V_read, i18 %x_2_V_read, i18 %x_3_V_read, i18 %x_4_V_read, [50 x i18]* %tree_scores_V)" [firmware/my_prj.cpp:9]   --->   Operation 64 'call' 'call_ret' <Predicate = true> <Delay = 7.22> <CoreType = "Generic">   --->   Core 0 '' <Latency = 0> <II = 1> <Delay = 1.00> <Generic> <Opcode : >

State 29 <SV = 28> <Delay = 7.22>
ST_29 : Operation 65 [3/31] (7.22ns)   --->   "%call_ret = call fastcc i17 @decision_function.1(i18 %x_0_V_read, i18 %x_1_V_read, i18 %x_2_V_read, i18 %x_3_V_read, i18 %x_4_V_read, [50 x i18]* %tree_scores_V)" [firmware/my_prj.cpp:9]   --->   Operation 65 'call' 'call_ret' <Predicate = true> <Delay = 7.22> <CoreType = "Generic">   --->   Core 0 '' <Latency = 0> <II = 1> <Delay = 1.00> <Generic> <Opcode : >

State 30 <SV = 29> <Delay = 7.22>
ST_30 : Operation 66 [2/31] (7.22ns)   --->   "%call_ret = call fastcc i17 @decision_function.1(i18 %x_0_V_read, i18 %x_1_V_read, i18 %x_2_V_read, i18 %x_3_V_read, i18 %x_4_V_read, [50 x i18]* %tree_scores_V)" [firmware/my_prj.cpp:9]   --->   Operation 66 'call' 'call_ret' <Predicate = true> <Delay = 7.22> <CoreType = "Generic">   --->   Core 0 '' <Latency = 0> <II = 1> <Delay = 1.00> <Generic> <Opcode : >

State 31 <SV = 30> <Delay = 6.95>
ST_31 : Operation 67 [1/1] (0.00ns)   --->   "call void (...)* @_ssdm_op_SpecBitsMap(i18* %score_1_V), !map !83"   --->   Operation 67 'specbitsmap' <Predicate = true> <Delay = 0.00>
ST_31 : Operation 68 [1/1] (0.00ns)   --->   "call void (...)* @_ssdm_op_SpecBitsMap(i18* %score_0_V), !map !89"   --->   Operation 68 'specbitsmap' <Predicate = true> <Delay = 0.00>
ST_31 : Operation 69 [1/1] (0.00ns)   --->   "call void (...)* @_ssdm_op_SpecBitsMap(i18* %x_4_V), !map !95"   --->   Operation 69 'specbitsmap' <Predicate = true> <Delay = 0.00>
ST_31 : Operation 70 [1/1] (0.00ns)   --->   "call void (...)* @_ssdm_op_SpecBitsMap(i18* %x_3_V), !map !101"   --->   Operation 70 'specbitsmap' <Predicate = true> <Delay = 0.00>
ST_31 : Operation 71 [1/1] (0.00ns)   --->   "call void (...)* @_ssdm_op_SpecBitsMap(i18* %x_2_V), !map !107"   --->   Operation 71 'specbitsmap' <Predicate = true> <Delay = 0.00>
ST_31 : Operation 72 [1/1] (0.00ns)   --->   "call void (...)* @_ssdm_op_SpecBitsMap(i18* %x_1_V), !map !113"   --->   Operation 72 'specbitsmap' <Predicate = true> <Delay = 0.00>
ST_31 : Operation 73 [1/1] (0.00ns)   --->   "call void (...)* @_ssdm_op_SpecBitsMap(i18* %x_0_V), !map !117"   --->   Operation 73 'specbitsmap' <Predicate = true> <Delay = 0.00>
ST_31 : Operation 74 [1/1] (0.00ns)   --->   "call void (...)* @_ssdm_op_SpecBitsMap([50 x i18]* %tree_scores_V), !map !121"   --->   Operation 74 'specbitsmap' <Predicate = true> <Delay = 0.00>
ST_31 : Operation 75 [1/1] (0.00ns)   --->   "call void (...)* @_ssdm_op_SpecTopModule([7 x i8]* @my_prj_str) nounwind"   --->   Operation 75 'spectopmodule' <Predicate = true> <Delay = 0.00>
ST_31 : Operation 76 [1/1] (0.00ns)   --->   "call void (...)* @_ssdm_op_SpecPipeline(i32 -1, i32 1, i32 1, i32 0, [1 x i8]* @p_str1) nounwind" [firmware/my_prj.cpp:7]   --->   Operation 76 'specpipeline' <Predicate = true> <Delay = 0.00>
ST_31 : Operation 77 [1/31] (6.95ns)   --->   "%call_ret = call fastcc i17 @decision_function.1(i18 %x_0_V_read, i18 %x_1_V_read, i18 %x_2_V_read, i18 %x_3_V_read, i18 %x_4_V_read, [50 x i18]* %tree_scores_V)" [firmware/my_prj.cpp:9]   --->   Operation 77 'call' 'call_ret' <Predicate = true> <Delay = 6.95> <CoreType = "Generic">   --->   Core 0 '' <Latency = 0> <II = 1> <Delay = 1.00> <Generic> <Opcode : >
ST_31 : Operation 78 [1/1] (0.00ns)   --->   "%sext_ln9 = sext i17 %call_ret to i18" [firmware/my_prj.cpp:9]   --->   Operation 78 'sext' 'sext_ln9' <Predicate = true> <Delay = 0.00>
ST_31 : Operation 79 [1/1] (0.00ns)   --->   "call void @_ssdm_op_Write.ap_auto.i18P(i18* %score_0_V, i18 %sext_ln9)" [firmware/my_prj.cpp:9]   --->   Operation 79 'write' <Predicate = true> <Delay = 0.00>
ST_31 : Operation 80 [1/1] (0.00ns)   --->   "ret void" [firmware/my_prj.cpp:10]   --->   Operation 80 'ret' <Predicate = true> <Delay = 0.00>


============================================================
+ Verbose Summary: Timing violations
============================================================
Target clock period: 8.33ns, clock uncertainty: 1.04ns.

 <State 1>: 6.38ns
The critical path consists of the following:
	wire read on port 'x_0_V' (firmware/my_prj.cpp:9) [19]  (0 ns)
	'call' operation ('call_ret', firmware/my_prj.cpp:9) to 'decision_function.1' [24]  (6.38 ns)

 <State 2>: 7.23ns
The critical path consists of the following:
	'call' operation ('call_ret', firmware/my_prj.cpp:9) to 'decision_function.1' [24]  (7.23 ns)

 <State 3>: 7.23ns
The critical path consists of the following:
	'call' operation ('call_ret', firmware/my_prj.cpp:9) to 'decision_function.1' [24]  (7.23 ns)

 <State 4>: 7.23ns
The critical path consists of the following:
	'call' operation ('call_ret', firmware/my_prj.cpp:9) to 'decision_function.1' [24]  (7.23 ns)

 <State 5>: 7.23ns
The critical path consists of the following:
	'call' operation ('call_ret', firmware/my_prj.cpp:9) to 'decision_function.1' [24]  (7.23 ns)

 <State 6>: 7.23ns
The critical path consists of the following:
	'call' operation ('call_ret', firmware/my_prj.cpp:9) to 'decision_function.1' [24]  (7.23 ns)

 <State 7>: 7.23ns
The critical path consists of the following:
	'call' operation ('call_ret', firmware/my_prj.cpp:9) to 'decision_function.1' [24]  (7.23 ns)

 <State 8>: 7.23ns
The critical path consists of the following:
	'call' operation ('call_ret', firmware/my_prj.cpp:9) to 'decision_function.1' [24]  (7.23 ns)

 <State 9>: 7.23ns
The critical path consists of the following:
	'call' operation ('call_ret', firmware/my_prj.cpp:9) to 'decision_function.1' [24]  (7.23 ns)

 <State 10>: 7.23ns
The critical path consists of the following:
	'call' operation ('call_ret', firmware/my_prj.cpp:9) to 'decision_function.1' [24]  (7.23 ns)

 <State 11>: 7.23ns
The critical path consists of the following:
	'call' operation ('call_ret', firmware/my_prj.cpp:9) to 'decision_function.1' [24]  (7.23 ns)

 <State 12>: 7.23ns
The critical path consists of the following:
	'call' operation ('call_ret', firmware/my_prj.cpp:9) to 'decision_function.1' [24]  (7.23 ns)

 <State 13>: 7.23ns
The critical path consists of the following:
	'call' operation ('call_ret', firmware/my_prj.cpp:9) to 'decision_function.1' [24]  (7.23 ns)

 <State 14>: 7.23ns
The critical path consists of the following:
	'call' operation ('call_ret', firmware/my_prj.cpp:9) to 'decision_function.1' [24]  (7.23 ns)

 <State 15>: 7.23ns
The critical path consists of the following:
	'call' operation ('call_ret', firmware/my_prj.cpp:9) to 'decision_function.1' [24]  (7.23 ns)

 <State 16>: 7.23ns
The critical path consists of the following:
	'call' operation ('call_ret', firmware/my_prj.cpp:9) to 'decision_function.1' [24]  (7.23 ns)

 <State 17>: 7.23ns
The critical path consists of the following:
	'call' operation ('call_ret', firmware/my_prj.cpp:9) to 'decision_function.1' [24]  (7.23 ns)

 <State 18>: 7.23ns
The critical path consists of the following:
	'call' operation ('call_ret', firmware/my_prj.cpp:9) to 'decision_function.1' [24]  (7.23 ns)

 <State 19>: 7.23ns
The critical path consists of the following:
	'call' operation ('call_ret', firmware/my_prj.cpp:9) to 'decision_function.1' [24]  (7.23 ns)

 <State 20>: 7.23ns
The critical path consists of the following:
	'call' operation ('call_ret', firmware/my_prj.cpp:9) to 'decision_function.1' [24]  (7.23 ns)

 <State 21>: 7.23ns
The critical path consists of the following:
	'call' operation ('call_ret', firmware/my_prj.cpp:9) to 'decision_function.1' [24]  (7.23 ns)

 <State 22>: 7.23ns
The critical path consists of the following:
	'call' operation ('call_ret', firmware/my_prj.cpp:9) to 'decision_function.1' [24]  (7.23 ns)

 <State 23>: 7.23ns
The critical path consists of the following:
	'call' operation ('call_ret', firmware/my_prj.cpp:9) to 'decision_function.1' [24]  (7.23 ns)

 <State 24>: 7.23ns
The critical path consists of the following:
	'call' operation ('call_ret', firmware/my_prj.cpp:9) to 'decision_function.1' [24]  (7.23 ns)

 <State 25>: 7.23ns
The critical path consists of the following:
	'call' operation ('call_ret', firmware/my_prj.cpp:9) to 'decision_function.1' [24]  (7.23 ns)

 <State 26>: 7.23ns
The critical path consists of the following:
	'call' operation ('call_ret', firmware/my_prj.cpp:9) to 'decision_function.1' [24]  (7.23 ns)

 <State 27>: 7.23ns
The critical path consists of the following:
	'call' operation ('call_ret', firmware/my_prj.cpp:9) to 'decision_function.1' [24]  (7.23 ns)

 <State 28>: 7.23ns
The critical path consists of the following:
	'call' operation ('call_ret', firmware/my_prj.cpp:9) to 'decision_function.1' [24]  (7.23 ns)

 <State 29>: 7.23ns
The critical path consists of the following:
	'call' operation ('call_ret', firmware/my_prj.cpp:9) to 'decision_function.1' [24]  (7.23 ns)

 <State 30>: 7.23ns
The critical path consists of the following:
	'call' operation ('call_ret', firmware/my_prj.cpp:9) to 'decision_function.1' [24]  (7.23 ns)

 <State 31>: 6.96ns
The critical path consists of the following:
	'call' operation ('call_ret', firmware/my_prj.cpp:9) to 'decision_function.1' [24]  (6.96 ns)


============================================================
+ Verbose Summary: Binding
============================================================
N/A
* FSMD analyzer results:
  - Output states:
 - Input state : 
  - Chain level:
	State 1
	State 2
	State 3
	State 4
	State 5
	State 6
	State 7
	State 8
	State 9
	State 10
	State 11
	State 12
	State 13
	State 14
	State 15
	State 16
	State 17
	State 18
	State 19
	State 20
	State 21
	State 22
	State 23
	State 24
	State 25
	State 26
	State 27
	State 28
	State 29
	State 30
	State 31


============================================================
+ Verbose Summary: Datapath Resource usage 
============================================================
N/A
